python : 
C:\Python312\python.exe: 
No module named pytest
At line:1 char:1
+ python -m pytest tests/t
est_chroma_adapter.py > 
test_output.txt 2>&1  ...
+ ~~~~~~~~~~~~~~~~~~~~~~~~
~~~~~~~~~~~~~~~~~~~~~~~~~~
~~~~~~~~~~~~~~~~~~
    + CategoryInfo        
      : NotSpecified: (C  
  :\Python312\py...le n   
 amed pytest:String) [    
], RemoteException
    + FullyQualifiedError 
   Id : NativeCommandErr  
  or
 
